../Core/Src/main.c:73:5:main	104	static
../Core/Src/main.c:155:6:SystemClock_Config	72	static
../Core/Src/main.c:192:13:MX_GPIO_Init	32	static
../Core/Src/main.c:216:6:accessSharedData	8	static
../Core/Src/main.c:231:6:SimulateReadWriteOperation	16	static,ignoring_inline_asm
../Core/Src/main.c:248:6:StartDefaultTask	16	static
../Core/Src/main.c:266:6:GreenLedTask	16	static
../Core/Src/main.c:291:6:RedLedTask	16	static
../Core/Src/main.c:313:6:HAL_TIM_PeriodElapsedCallback	16	static
../Core/Src/main.c:330:6:Error_Handler	4	static,ignoring_inline_asm
